// 設定例（機能一覧）
{
    "general" : {   // 基本設定
        "defaultMapping" : "mapping1",  // 初期のマッピング名
    },
    "mappings" : {  // マッピングマップ
        "mapping1" : {  // マッピング名
            "templates" : [ // 適用するテンプレートを指定（省略可）
                "template1",    // 適用するテンプレート名
                "template2",
                // 上から順に適用され、その後にこのマッピングの設定が適用される
                // 設定が重複する場合は上書きされ、最後に適用されたもののみが有効となる
            ],
            "buttonsForPspState" : {    // コントローラのボタンにPSPの入力状態をマッピング（省略可）
                "0" : { // ボタン番号0にマッピング
                    "type" : "toButtons",   // ボタン入力
                    "buttons" : [   // リストのボタンを同時押し
                        "up",       // 方向キー上
                        "down",     // 方向キー下
                        "left",     // 方向キー左
                        "right",    // 方向キー右
                        "cross",    // ×ボタン
                        "circle",   // ○ボタン
                        "square",   // □ボタン
                        "triangle", // △ボタン
                        "triggerL", // Lボタン
                        "triggerR", // Rボタン
                        "start",    // STARTボタン
                        "select",   // SELECTボタン
                    ],
                },
                "1" : { // ボタン番号1にマッピング
                    "type" : "toFixedAxisX",    // アナログパッド横方向固定値入力
                    "value" : 128,  // 入力量（有効範囲は左端0から右端255まで、中央128）
                },
                "2" : { // ボタン番号2にマッピング
                    "type" : "toFixedAxisY",    // アナログパッド縦方向固定値入力
                    "value" : 128,  // 入力量（有効範囲は上端0から下端255まで、中央128）
                },
            },
            "axesForPspState" : {   // コントローラの軸にPSPの入力状態をマッピング（省略可）
                "0" : { // 軸番号0にマッピング
                    "type" : "toAxisX", // アナログパッド横方向入力
                    "min" : 0,  // 入力の最低値（evdevtestで取得できる値を推奨)
                    "max" : 256,    // 入力の最高値（evdevtestで取得できる値を推奨)
                    "deadZone" : 10,    // 入力を無視する範囲（省略時0)
                    "limit" : 100,  // 入力を最大にする位置（省略時minからmaxまでの距離の半分（小数点以下切り上げ））
                    "eraseDeadZone" : 20,   // PSPの入力の遊びを潰す範囲（省略時0、有効範囲は0から127まで）
                    // 入力の方向が反対の場合、minとmaxの値を入れ替えることで対応可能
                    // minとmaxの値を入れ替える時に、minからmaxまでの距離が奇数の場合、maxの値を+1した上で入れ替えること
                },
                "1" : { // 軸番号1にマッピング
                    "type" : "toAxisY", // アナログパッド横方向入力
                    "min" : 0,  // 入力の最低値（evdevtestで取得できる値を推奨)
                    "max" : 256,    // 入力の最高値（evdevtestで取得できる値を推奨)
                    "deadZone" : 10,    // 入力を無視する範囲（省略時0)
                    "limit" : 100,  // 入力を最大にする位置（省略時minからmaxまでの距離の半分（小数点以下切り上げ））
                    "eraseDeadZone" : 20,   // PSPの入力の遊びを潰す範囲（省略時0、有効範囲は0から127まで）
                    // 入力の方向が反対の場合、minとmaxの値を入れ替えることで対応可能
                    // minとmaxの値を入れ替える時に、minからmaxまでの距離が奇数の場合、maxの値を+1した上で入れ替えること
                },
                "2" : { // 軸番号2にマッピング
                    "type" : "toButtonHandlers",    // ボタン用ハンドラを割り当てる（アナログスティック向け）
                    "min" : 0,  // 入力の最低値（evdevtestで取得できる値を推奨)
                    "max" : 256,    // 入力の最高値（evdevtestで取得できる値を推奨)
                    "deadZone" : 10,    // 入力を無視する範囲（省略時0)
                    "handlerMinus" : {  // マイナス方向入力時に適用するハンドラ
                        "type" : "toButtons",
                        "buttons" : [
                            "left",
                        ],
                    },
                    "handlerPlus" : {   // プラス方向入力時に適用するハンドラ
                        "type" : "toButtons",
                        "buttons" : [
                            "right",
                        ],
                    },
                },
                "3" : { // 軸番号3にマッピング
                    "type" : "toButtonHandler", // ボタン用ハンドラを割り当てる（トリガー向け）
                    "min" : 0,  // 入力の最低値（evdevtestで取得できる値を推奨)
                    "max" : 256,    // 入力の最高値（evdevtestで取得できる値を推奨)
                    "deadZone" : 10,    // 入力を無視する範囲（省略時0)
                    "handler" : {   // 入力時に適用するハンドラ
                        "type" : "toButtons",
                        "buttons" : [
                            "up",
                        ],
                    },
                },
            },
            "buttonsForChangeMapping" : {   // コントローラのボタンにマッピング切り替えをマッピング（省略可）
                "0" : { // ボタン番号0にマッピング
                    "type" : "shiftMapping",    // ボタンを押している間、一時的にマッピングを切り替える
                    "mapping" : "mapping2", // 切り替え先のマッピング名
                    // shiftMappingを循環させると無限ループになるため注意すること
                },
                "1" : { // ボタン番号1にマッピング
                    "type" : "toggleMapping",   // 恒久的にマッピングを切り替える
                    "mapping" : "mapping3", // 切り替え先のマッピング名
                },
            },
            "axesForChangeMapping" : {  // コントローラの軸にマッピング切り替えをマッピング（省略可）
                "0" : { // 軸番号0にマッピング
                    "type" : "toButtonHandlers",    // ボタン用ハンドラを割り当てる（アナログスティック向け）
                    "min" : 0,  // 入力の最低値（evdevtestで取得できる値を推奨)
                    "max" : 256,    // 入力の最高値（evdevtestで取得できる値を推奨)
                    "deadZone" : 10,    // 入力を無視する範囲（省略時0)
                    "handlerMinus" : {  // マイナス方向入力時に適用するハンドラ
                        "type" : "shiftMapping",
                        "mapping" : "mapping2",
                    },
                    "handlerPlus" : {   // プラス方向入力時に適用するハンドラ
                        "type" : "shiftMapping",
                        "mapping" : "mapping3",
                    },
                },
                "1" : { // 軸番号1にマッピング
                    "type" : "toButtonHandler", // ボタン用ハンドラを割り当てる（トリガー向け）
                    "min" : 0,  // 入力の最低値（evdevtestで取得できる値を推奨)
                    "max" : 256,    // 入力の最高値（evdevtestで取得できる値を推奨)
                    "deadZone" : 10,    // 入力を無視する範囲（省略時0)
                    "handler" : {   // 入力時に適用するハンドラ
                        "type" : "shiftMapping",
                        "mapping" : "mapping4",
                    },
                },
            },
        },
        "mapping2" : {
            "buttonsForPspState" : {
                "0" : {
                    "type" : "toButtons",
                    "buttons" : [
                        "up",
                    ],
                },
            },
        },
        "mapping3" : {
            "axesForPspState" : {
                "0" : {
                    "type" : "toAxisY",
                    "min" : 0,
                    "max" : 256,
                },
            },
        },
        "mapping4" : {
        },
    },
    "templates" : { // テンプレートマップ（省略可）
        "template1" : { // テンプレート名
            // 書き方はマッピングマップと同様
            // 他のテンプレートを適用することも可能
            // テンプレートの適用を循環させると無限ループになるため注意すること
        },
        "template2" : {
        },
    },
}
