// 設定例（機能一覧）
{
    "general" : {   // 基本設定
        "defaultMapping" : 0,   // 初期のマッピング番号
    },
    "mappings" : [  // マッピングリスト
        {   // マッピング番号0
            "buttonsForPspState" : {    // コントローラのボタンにPSPの入力状態をマッピング（省略可）
                "0" : { // ボタン番号0にマッピング
                    "type" : "toButtons",   // ボタン入力
                    "buttons" : [   // リストのボタンを同時押し
                        "up",       // 方向キー上
                        "down",     // 方向キー下
                        "left",     // 方向キー左
                        "right",    // 方向キー右
                        "cross",    // ×ボタン
                        "circle",   // ○ボタン
                        "square",   // □ボタン
                        "triangle", // △ボタン
                        "triggerL", // Lボタン
                        "triggerR", // Rボタン
                        "start",    // STARTボタン
                        "select",   // SELECTボタン
                    ],
                },
                "1" : { // ボタン番号1にマッピング
                    "type" : "toFixedAxisX",    // アナログパッド横方向固定値入力
                    "value" : 0,    // 入力量（有効範囲は左端-32767から右端32767まで）
                },
                "2" : { // ボタン番号2にマッピング
                    "type" : "toFixedAxisY",    // アナログパッド縦方向固定値入力
                    "value" : 0,    // 入力量（有効範囲は上端-32767から下端32767まで）
                },
            },
            "axesForPspState" : {   // コントローラの軸にPSPの入力状態をマッピング（省略可）
                "0" : { // 軸番号0にマッピング
                    "type" : "toAxisX", // アナログパッド横方向入力
                    "deadZone" : 10000, // 入力を無視する範囲（有効範囲は最小0から最大32767まで、省略時0）
                    "max" : 20000,  // 入力を最大にする位置（有効範囲は最小0から最大32767まで、省略時32767）
                },
                "1" : { // 軸番号1にマッピング
                    "type" : "toAxisY", // アナログパッド横方向入力
                    "deadZone" : 10000, // 入力を無視する範囲（有効範囲は最小0から最大32767まで、省略時0）
                    "max" : 20000,  // 入力を最大にする位置（有効範囲は最小0から最大32767まで、省略時32767）
                },
                "2" : { // 軸番号2にマッピング
                    "type" : "toButtonHandlers",    // ボタン用ハンドラを割り当てる（アナログスティック向け）
                    "deadZone" : 30000, // 入力を無視する範囲（有効範囲は最小0から最大32767まで、省略時0）
                    "handler1" : {  // マイナス方向入力時に適用するハンドラ
                        "type" : "toButtons",
                        "buttons" : [
                            "left",
                        ],
                    },
                    "handler2" : {  // プラス方向入力時に適用するハンドラ
                        "type" : "toButtons",
                        "buttons" : [
                            "right",
                        ],
                    },
                },
                "3" : { // 軸番号3にマッピング
                    "type" : "toButtonHandler", // ボタン用ハンドラを割り当てる（トリガー向け）
                    "deadZone" : 30000, // 入力を無視する範囲（有効範囲は最小0から最大65535まで、省略時0）
                    "handler" : {   // 入力時に適用するハンドラ
                        "type" : "toButtons",
                        "buttons" : [
                            "up",
                        ],
                    },
                },
            },
            "buttonsForChangeMapping" : {   // コントローラのボタンにマッピング切り替えをマッピング（省略可）
                "0" : { // ボタン番号0にマッピング
                    "type" : "shiftMapping",    // ボタンを押している間、一時的にマッピングを切り替える
                    "mapping" : 1,  // 切り替え先のマッピング番号（先頭は0）
                    // shiftMappingを循環させると無限ループになるため注意すること
                },
                "1" : { // ボタン番号1にマッピング
                    "type" : "toggleMapping",   // 恒久的にマッピングを切り替える
                    "mapping" : 2,  // 切り替え先のマッピング番号（先頭は0）
                },
            },
            "axesForChangeMapping" : {  // コントローラの軸にマッピング切り替えをマッピング（省略可）
                "0" : { // 軸番号0にマッピング
                    "type" : "toButtonHandlers",    // ボタン用ハンドラを割り当てる（アナログスティック向け）
                    "deadZone" : 30000, // 入力を無視する範囲（有効範囲は最小0から最大32767まで、省略時0）
                    "handler1" : {  // マイナス方向入力時に適用するハンドラ
                        "type" : "shiftMapping",
                        "mapping" : 1,
                    },
                    "handler2" : {  // プラス方向入力時に適用するハンドラ
                        "type" : "shiftMapping",
                        "mapping" : 2,
                    },
                },
                "1" : { // 軸番号1にマッピング
                    "type" : "toButtonHandler", // ボタン用ハンドラを割り当てる（トリガー向け）
                    "deadZone" : 30000, // 入力を無視する範囲（有効範囲は最小0から最大65535まで、省略時0）
                    "handler" : {   // 入力時に適用するハンドラ
                        "type" : "shiftMapping",
                        "mapping" : 3,
                    },
                },
            },
        },
        {   // マッピング番号1
            "buttonsForPspState" : {
                "0" : {
                    "type" : "toButtons",
                    "buttons" : [
                        "up",
                    ],
                },
            },
        },
        {   // マッピング番号2
            "axesForPspState" : {
                "0" : {
                    "type" : "toAxisY",
                    "deadZone" : 10000,
                    "max" : 20000,
                },
            },
        },
        {   // マッピング番号3
        },
    ],
}
