// xbox360コントローラ向け設定（PS1ゲーム用マッピング付き）
{
    "general" : {
        "defaultMapping" : "psp",
    },
    "mappings" : {
        "changeMapping" : {
            "buttonsForChangeMapping" : {
                "0" : {
                    "type" : "toggleMapping",
                    "mapping" : "psp",
                },
                "1" : {
                    "type" : "toggleMapping",
                    "mapping" : "ps1",
                },
            },
        },
        "psp" : {
            "templates" : [
                "common",
            ],
            "axesForPspState" : {
                "0" : {
                    "type" : "toAxisX",
                    "min" : -32768,
                    "max" : 32767,
                    "limit" : 30000,
                },
                "1" : {
                    "type" : "toAxisY",
                    "min" : -32768,
                    "max" : 32767,
                    "limit" : 30000,
                },
                "3" : {
                    "type" : "toButtonHandlers",
                    "min" : -32768,
                    "max" : 32767,
                    "deadZone" : 30000,
                    "handlerMinus" : {
                        "type" : "toButtons",
                        "buttons" : [
                            "left",
                        ],
                    },
                    "handlerPlus" : {
                        "type" : "toButtons",
                        "buttons" : [
                            "right",
                        ],
                    },
                },
                "4" : {
                    "type" : "toButtonHandlers",
                    "min" : -32768,
                    "max" : 32767,
                    "deadZone" : 30000,
                    "handlerMinus" : {
                        "type" : "toButtons",
                        "buttons" : [
                            "up",
                        ],
                    },
                    "handlerPlus" : {
                        "type" : "toButtons",
                        "buttons" : [
                            "down",
                        ],
                    },
                },
                "6" : {
                    "type" : "toButtonHandlers",
                    "min" : -1,
                    "max" : 1,
                    "handlerMinus" : {
                        "type" : "toButtons",
                        "buttons" : [
                            "left",
                        ],
                    },
                    "handlerPlus" : {
                        "type" : "toButtons",
                        "buttons" : [
                            "right",
                        ],
                    },
                },
                "7" : {
                    "type" : "toButtonHandlers",
                    "min" : -1,
                    "max" : 1,
                    "handlerMinus" : {
                        "type" : "toButtons",
                        "buttons" : [
                            "up",
                        ],
                    },
                    "handlerPlus" : {
                        "type" : "toButtons",
                        "buttons" : [
                            "down",
                        ],
                    },
                },
            },
        },
        "ps1" : {
            "templates" : [
                "ps1",
            ],
            "axesForPspState" : {
                "5" : {
                    "type" : "toButtonHandler",
                    "min" : 0,
                    "max" : 255,
                    "handler" : {
                        "type" : "toFixedAxisX",
                        "value" : 255,
                    },
                },
            },
            "axesForChangeMapping" : {
                "2" : {
                    "type" : "toButtonHandler",
                    "min" : 0,
                    "max" : 255,
                    "handler" : {
                        "type" : "shiftMapping",
                        "mapping" : "ps1LPressed",
                    },
                },
            },
        },
        "ps1LPressed" : {
            "templates" : [
                "ps1",
            ],
            "axesForPspState" : {
                "2" : {
                    "type" : "toButtonHandler",
                    "min" : 0,
                    "max" : 255,
                    "handler" : {
                        "type" : "toFixedAxisX",
                        "value" : 0,
                    },
                },
            },
            "axesForChangeMapping" : {
                "5" : {
                    "type" : "toButtonHandler",
                    "min" : 0,
                    "max" : 255,
                    "handler" : {
                        "type" : "shiftMapping",
                        "mapping" : "ps1LRPressed",
                    },
                },
            },
        },
        "ps1LRPressed" : {
            "templates" : [
                "ps1",
            ],
            "axesForPspState" : {
                "5" : {
                    "type" : "toButtonHandler",
                    "min" : 0,
                    "max" : 255,
                    "handler" : {
                        "type" : "toFixedAxisY",
                        "value" : 0,
                    },
                },
            },
        },
    },
    "templates" : {
        "common" : {
            "buttonsForChangeMapping" : {
                "8" : {
                    "type" : "shiftMapping",
                    "mapping" : "changeMapping",
                },
            },
            "buttonsForPspState" : {
                "0" : {
                    "type" : "toButtons",
                    "buttons" : [
                        "cross",
                    ],
                },
                "1" : {
                    "type" : "toButtons",
                    "buttons" : [
                        "circle",
                    ],
                },
                "2" : {
                    "type" : "toButtons",
                    "buttons" : [
                        "square",
                    ],
                },
                "3" : {
                    "type" : "toButtons",
                    "buttons" : [
                        "triangle",
                    ],
                },
                "4" : {
                    "type" : "toButtons",
                    "buttons" : [
                        "triggerL",
                    ],
                },
                "5" : {
                    "type" : "toButtons",
                    "buttons" : [
                        "triggerR",
                    ],
                },
                "6" : {
                    "type" : "toButtons",
                    "buttons" : [
                        "start",
                    ],
                },
                "7" : {
                    "type" : "toButtons",
                    "buttons" : [
                        "select",
                    ],
                },
            },
        },
        "ps1" : {
            "templates" : [
                "common",
            ],
            "axesForPspState" : {
                "6" : {
                    "type" : "toButtonHandlers",
                    "min" : -1,
                    "max" : 1,
                    "handlerMinus" : {
                        "type" : "toButtons",
                        "buttons" : [
                            "left",
                        ],
                    },
                    "handlerPlus" : {
                        "type" : "toButtons",
                        "buttons" : [
                            "right",
                        ],
                    },
                },
                "7" : {
                    "type" : "toButtonHandlers",
                    "min" : -1,
                    "max" : 1,
                    "handlerMinus" : {
                        "type" : "toButtons",
                        "buttons" : [
                            "up",
                        ],
                    },
                    "handlerPlus" : {
                        "type" : "toButtons",
                        "buttons" : [
                            "down",
                        ],
                    },
                },
            },
        },
    },
}
